ERROR - 2026-07-20 07:28:50 --> near "transaction": syntax error
in SYSTEMPATH/Database/SQLite3/Connection.php on line 163.
 1 SYSTEMPATH/Database/SQLite3/Connection.php(163): SQLite3->exec('
            CREATE VIEW v_solde AS
            SELECT
                c.id AS id_client,
                c.numero AS numero_client,
                COALESCE(SUM(
                    CASE
                        WHEN to_.type = \'depot\' THEN t.montant
                        WHEN to_.type = \'retrait\' THEN -(t.montant + t.frais)
                        WHEN to_.type = \'transfert\' AND c.id = t.id_client THEN -(t.montant + t.frais)
                        WHEN to_.type = \'transfert\' AND c.id = t.id_destinataire THEN t.montant
                        ELSE 0
                    END
                ), 0) AS solde
            FROM client c
            LEFT JOIN transaction t
                ON c.id = t.id_client OR c.id = t.id_destinataire
            LEFT JOIN bareme b
                ON t.id_bareme = b.id
            LEFT JOIN type_operation to_
                ON b.id_type_operation = to_.id
            GROUP BY c.id, c.numero
        ')
 2 SYSTEMPATH/Database/BaseConnection.php(910): CodeIgniter\Database\SQLite3\Connection->execute('
            CREATE VIEW v_solde AS
            SELECT
                c.id AS id_client,
                c.numero AS numero_client,
                COALESCE(SUM(
                    CASE
                        WHEN to_.type = \'depot\' THEN t.montant
                        WHEN to_.type = \'retrait\' THEN -(t.montant + t.frais)
                        WHEN to_.type = \'transfert\' AND c.id = t.id_client THEN -(t.montant + t.frais)
                        WHEN to_.type = \'transfert\' AND c.id = t.id_destinataire THEN t.montant
                        ELSE 0
                    END
                ), 0) AS solde
            FROM client c
            LEFT JOIN transaction t
                ON c.id = t.id_client OR c.id = t.id_destinataire
            LEFT JOIN bareme b
                ON t.id_bareme = b.id
            LEFT JOIN type_operation to_
                ON b.id_type_operation = to_.id
            GROUP BY c.id, c.numero
        ')
 3 SYSTEMPATH/Database/BaseConnection.php(827): CodeIgniter\Database\BaseConnection->simpleQuery('
            CREATE VIEW v_solde AS
            SELECT
                c.id AS id_client,
                c.numero AS numero_client,
                COALESCE(SUM(
                    CASE
                        WHEN to_.type = \'depot\' THEN t.montant
                        WHEN to_.type = \'retrait\' THEN -(t.montant + t.frais)
                        WHEN to_.type = \'transfert\' AND c.id = t.id_client THEN -(t.montant + t.frais)
                        WHEN to_.type = \'transfert\' AND c.id = t.id_destinataire THEN t.montant
                        ELSE 0
                    END
                ), 0) AS solde
            FROM client c
            LEFT JOIN transaction t
                ON c.id = t.id_client OR c.id = t.id_destinataire
            LEFT JOIN bareme b
                ON t.id_bareme = b.id
            LEFT JOIN type_operation to_
                ON b.id_type_operation = to_.id
            GROUP BY c.id, c.numero
        ')
 4 APPPATH/Database/Migrations/2026-07-20-072441_InitBase.php(150): CodeIgniter\Database\BaseConnection->query('
            CREATE VIEW v_solde AS
            SELECT
                c.id AS id_client,
                c.numero AS numero_client,
                COALESCE(SUM(
                    CASE
                        WHEN to_.type = \'depot\' THEN t.montant
                        WHEN to_.type = \'retrait\' THEN -(t.montant + t.frais)
                        WHEN to_.type = \'transfert\' AND c.id = t.id_client THEN -(t.montant + t.frais)
                        WHEN to_.type = \'transfert\' AND c.id = t.id_destinataire THEN t.montant
                        ELSE 0
                    END
                ), 0) AS solde
            FROM client c
            LEFT JOIN transaction t
                ON c.id = t.id_client OR c.id = t.id_destinataire
            LEFT JOIN bareme b
                ON t.id_bareme = b.id
            LEFT JOIN type_operation to_
                ON b.id_type_operation = to_.id
            GROUP BY c.id, c.numero
        ')
 5 SYSTEMPATH/Database/MigrationRunner.php(1014): App\Database\Migrations\InitBase->up()
 6 SYSTEMPATH/Database/MigrationRunner.php(202): CodeIgniter\Database\MigrationRunner->migrate('up', Object(stdClass))
 7 SYSTEMPATH/Commands/Database/Migrate.php(89): CodeIgniter\Database\MigrationRunner->latest(null)
 8 SYSTEMPATH/CLI/SignalTrait.php(245): CodeIgniter\Commands\Database\Migrate::CodeIgniter\Commands\Database\{closure}()
 9 SYSTEMPATH/Commands/Database/Migrate.php(88): CodeIgniter\Commands\Database\Migrate->withSignalsBlocked(Object(Closure))
10 SYSTEMPATH/CLI/Commands.php(74): CodeIgniter\Commands\Database\Migrate->run([])
11 SYSTEMPATH/CLI/Console.php(47): CodeIgniter\CLI\Commands->run('migrate', [])
12 SYSTEMPATH/Boot.php(442): CodeIgniter\CLI\Console->run()
13 SYSTEMPATH/Boot.php(166): CodeIgniter\Boot::runCommand(Object(CodeIgniter\CLI\Console))
14 ROOTPATH/spark(87): CodeIgniter\Boot::bootSpark(Object(Config\Paths))
ERROR - 2026-07-20 07:29:13 --> table `operateur` already exists
in SYSTEMPATH/Database/SQLite3/Connection.php on line 163.
 1 SYSTEMPATH/Database/SQLite3/Connection.php(163): SQLite3->exec('CREATE TABLE `operateur` (
	`id` INTEGER PRIMARY KEY AUTOINCREMENT,
	`nom` VARCHAR NOT NULL
)')
 2 SYSTEMPATH/Database/BaseConnection.php(910): CodeIgniter\Database\SQLite3\Connection->execute('CREATE TABLE `operateur` (
	`id` INTEGER PRIMARY KEY AUTOINCREMENT,
	`nom` VARCHAR NOT NULL
)')
 3 SYSTEMPATH/Database/BaseConnection.php(827): CodeIgniter\Database\BaseConnection->simpleQuery('CREATE TABLE `operateur` (
	`id` INTEGER PRIMARY KEY AUTOINCREMENT,
	`nom` VARCHAR NOT NULL
)')
 4 SYSTEMPATH/Database/Forge.php(570): CodeIgniter\Database\BaseConnection->query('CREATE TABLE `operateur` (
	`id` INTEGER PRIMARY KEY AUTOINCREMENT,
	`nom` VARCHAR NOT NULL
)')
 5 APPPATH/Database/Migrations/2026-07-20-072441_InitBase.php(24): CodeIgniter\Database\Forge->createTable('operateur')
 6 SYSTEMPATH/Database/MigrationRunner.php(1014): App\Database\Migrations\InitBase->up()
 7 SYSTEMPATH/Database/MigrationRunner.php(202): CodeIgniter\Database\MigrationRunner->migrate('up', Object(stdClass))
 8 SYSTEMPATH/Commands/Database/Migrate.php(89): CodeIgniter\Database\MigrationRunner->latest(null)
 9 SYSTEMPATH/CLI/SignalTrait.php(245): CodeIgniter\Commands\Database\Migrate::CodeIgniter\Commands\Database\{closure}()
10 SYSTEMPATH/Commands/Database/Migrate.php(88): CodeIgniter\Commands\Database\Migrate->withSignalsBlocked(Object(Closure))
11 SYSTEMPATH/CLI/Commands.php(74): CodeIgniter\Commands\Database\Migrate->run([...])
12 SYSTEMPATH/CLI/Console.php(47): CodeIgniter\CLI\Commands->run('migrate', [...])
13 SYSTEMPATH/Boot.php(442): CodeIgniter\CLI\Console->run()
14 SYSTEMPATH/Boot.php(166): CodeIgniter\Boot::runCommand(Object(CodeIgniter\CLI\Console))
15 ROOTPATH/spark(87): CodeIgniter\Boot::bootSpark(Object(Config\Paths))
ERROR - 2026-07-20 07:30:37 --> table `operateur` already exists
in SYSTEMPATH/Database/SQLite3/Connection.php on line 163.
 1 SYSTEMPATH/Database/SQLite3/Connection.php(163): SQLite3->exec('CREATE TABLE `operateur` (
	`id` INTEGER PRIMARY KEY AUTOINCREMENT,
	`nom` VARCHAR NOT NULL
)')
 2 SYSTEMPATH/Database/BaseConnection.php(910): CodeIgniter\Database\SQLite3\Connection->execute('CREATE TABLE `operateur` (
	`id` INTEGER PRIMARY KEY AUTOINCREMENT,
	`nom` VARCHAR NOT NULL
)')
 3 SYSTEMPATH/Database/BaseConnection.php(827): CodeIgniter\Database\BaseConnection->simpleQuery('CREATE TABLE `operateur` (
	`id` INTEGER PRIMARY KEY AUTOINCREMENT,
	`nom` VARCHAR NOT NULL
)')
 4 SYSTEMPATH/Database/Forge.php(570): CodeIgniter\Database\BaseConnection->query('CREATE TABLE `operateur` (
	`id` INTEGER PRIMARY KEY AUTOINCREMENT,
	`nom` VARCHAR NOT NULL
)')
 5 APPPATH/Database/Migrations/2026-07-20-072441_InitBase.php(24): CodeIgniter\Database\Forge->createTable('operateur')
 6 SYSTEMPATH/Database/MigrationRunner.php(1014): App\Database\Migrations\InitBase->up()
 7 SYSTEMPATH/Database/MigrationRunner.php(202): CodeIgniter\Database\MigrationRunner->migrate('up', Object(stdClass))
 8 SYSTEMPATH/Commands/Database/Migrate.php(89): CodeIgniter\Database\MigrationRunner->latest(null)
 9 SYSTEMPATH/CLI/SignalTrait.php(245): CodeIgniter\Commands\Database\Migrate::CodeIgniter\Commands\Database\{closure}()
10 SYSTEMPATH/Commands/Database/Migrate.php(88): CodeIgniter\Commands\Database\Migrate->withSignalsBlocked(Object(Closure))
11 SYSTEMPATH/CLI/Commands.php(74): CodeIgniter\Commands\Database\Migrate->run([...])
12 SYSTEMPATH/CLI/Console.php(47): CodeIgniter\CLI\Commands->run('migrate', [...])
13 SYSTEMPATH/Boot.php(442): CodeIgniter\CLI\Console->run()
14 SYSTEMPATH/Boot.php(166): CodeIgniter\Boot::runCommand(Object(CodeIgniter\CLI\Console))
15 ROOTPATH/spark(87): CodeIgniter\Boot::bootSpark(Object(Config\Paths))
ERROR - 2026-07-20 07:31:13 --> near "transaction": syntax error
in SYSTEMPATH/Database/SQLite3/Connection.php on line 163.
 1 SYSTEMPATH/Database/SQLite3/Connection.php(163): SQLite3->exec('
            CREATE VIEW v_solde AS
            SELECT
                c.id AS id_client,
                c.numero AS numero_client,
                COALESCE(SUM(
                    CASE
                        WHEN to_.type = \'depot\' THEN t.montant
                        WHEN to_.type = \'retrait\' THEN -(t.montant + t.frais)
                        WHEN to_.type = \'transfert\' AND c.id = t.id_client THEN -(t.montant + t.frais)
                        WHEN to_.type = \'transfert\' AND c.id = t.id_destinataire THEN t.montant
                        ELSE 0
                    END
                ), 0) AS solde
            FROM client c
            LEFT JOIN transaction t
                ON c.id = t.id_client OR c.id = t.id_destinataire
            LEFT JOIN bareme b
                ON t.id_bareme = b.id
            LEFT JOIN type_operation to_
                ON b.id_type_operation = to_.id
            GROUP BY c.id, c.numero
        ')
 2 SYSTEMPATH/Database/BaseConnection.php(910): CodeIgniter\Database\SQLite3\Connection->execute('
            CREATE VIEW v_solde AS
            SELECT
                c.id AS id_client,
                c.numero AS numero_client,
                COALESCE(SUM(
                    CASE
                        WHEN to_.type = \'depot\' THEN t.montant
                        WHEN to_.type = \'retrait\' THEN -(t.montant + t.frais)
                        WHEN to_.type = \'transfert\' AND c.id = t.id_client THEN -(t.montant + t.frais)
                        WHEN to_.type = \'transfert\' AND c.id = t.id_destinataire THEN t.montant
                        ELSE 0
                    END
                ), 0) AS solde
            FROM client c
            LEFT JOIN transaction t
                ON c.id = t.id_client OR c.id = t.id_destinataire
            LEFT JOIN bareme b
                ON t.id_bareme = b.id
            LEFT JOIN type_operation to_
                ON b.id_type_operation = to_.id
            GROUP BY c.id, c.numero
        ')
 3 SYSTEMPATH/Database/BaseConnection.php(827): CodeIgniter\Database\BaseConnection->simpleQuery('
            CREATE VIEW v_solde AS
            SELECT
                c.id AS id_client,
                c.numero AS numero_client,
                COALESCE(SUM(
                    CASE
                        WHEN to_.type = \'depot\' THEN t.montant
                        WHEN to_.type = \'retrait\' THEN -(t.montant + t.frais)
                        WHEN to_.type = \'transfert\' AND c.id = t.id_client THEN -(t.montant + t.frais)
                        WHEN to_.type = \'transfert\' AND c.id = t.id_destinataire THEN t.montant
                        ELSE 0
                    END
                ), 0) AS solde
            FROM client c
            LEFT JOIN transaction t
                ON c.id = t.id_client OR c.id = t.id_destinataire
            LEFT JOIN bareme b
                ON t.id_bareme = b.id
            LEFT JOIN type_operation to_
                ON b.id_type_operation = to_.id
            GROUP BY c.id, c.numero
        ')
 4 APPPATH/Database/Migrations/2026-07-20-072441_InitBase.php(150): CodeIgniter\Database\BaseConnection->query('
            CREATE VIEW v_solde AS
            SELECT
                c.id AS id_client,
                c.numero AS numero_client,
                COALESCE(SUM(
                    CASE
                        WHEN to_.type = \'depot\' THEN t.montant
                        WHEN to_.type = \'retrait\' THEN -(t.montant + t.frais)
                        WHEN to_.type = \'transfert\' AND c.id = t.id_client THEN -(t.montant + t.frais)
                        WHEN to_.type = \'transfert\' AND c.id = t.id_destinataire THEN t.montant
                        ELSE 0
                    END
                ), 0) AS solde
            FROM client c
            LEFT JOIN transaction t
                ON c.id = t.id_client OR c.id = t.id_destinataire
            LEFT JOIN bareme b
                ON t.id_bareme = b.id
            LEFT JOIN type_operation to_
                ON b.id_type_operation = to_.id
            GROUP BY c.id, c.numero
        ')
 5 SYSTEMPATH/Database/MigrationRunner.php(1014): App\Database\Migrations\InitBase->up()
 6 SYSTEMPATH/Database/MigrationRunner.php(202): CodeIgniter\Database\MigrationRunner->migrate('up', Object(stdClass))
 7 SYSTEMPATH/Commands/Database/Migrate.php(89): CodeIgniter\Database\MigrationRunner->latest(null)
 8 SYSTEMPATH/CLI/SignalTrait.php(245): CodeIgniter\Commands\Database\Migrate::CodeIgniter\Commands\Database\{closure}()
 9 SYSTEMPATH/Commands/Database/Migrate.php(88): CodeIgniter\Commands\Database\Migrate->withSignalsBlocked(Object(Closure))
10 SYSTEMPATH/CLI/Commands.php(74): CodeIgniter\Commands\Database\Migrate->run([])
11 SYSTEMPATH/CLI/Console.php(47): CodeIgniter\CLI\Commands->run('migrate', [])
12 SYSTEMPATH/Boot.php(442): CodeIgniter\CLI\Console->run()
13 SYSTEMPATH/Boot.php(166): CodeIgniter\Boot::runCommand(Object(CodeIgniter\CLI\Console))
14 ROOTPATH/spark(87): CodeIgniter\Boot::bootSpark(Object(Config\Paths))
CRITICAL - 2026-07-20 08:11:52 --> Error: Class "App\Controllers\BaseController" not found
[Method: GET, Route: client/solde]
in APPPATH\Controllers\ClientController.php on line 9.
 1 SYSTEMPATH\Autoloader\Autoloader.php(315): include_once()
 2 SYSTEMPATH\Autoloader\Autoloader.php(295): CodeIgniter\Autoloader\Autoloader->includeFile()
 3 SYSTEMPATH\Autoloader\Autoloader.php(271): CodeIgniter\Autoloader\Autoloader->loadInNamespace()
 4 [internal function]: CodeIgniter\Autoloader\Autoloader->loadClass()
 5 SYSTEMPATH\Router\Router.php(792): class_exists()
 6 SYSTEMPATH\Router\Router.php(230): CodeIgniter\Router\Router->processRouteAttributes()
 7 SYSTEMPATH\CodeIgniter.php(829): CodeIgniter\Router\Router->handle()
 8 SYSTEMPATH\CodeIgniter.php(441): CodeIgniter\CodeIgniter->tryToRouteIt()
 9 SYSTEMPATH\CodeIgniter.php(340): CodeIgniter\CodeIgniter->handleRequest()
10 SYSTEMPATH\Boot.php(417): CodeIgniter\CodeIgniter->run()
11 SYSTEMPATH\Boot.php(68): CodeIgniter\Boot::runCodeIgniter()
12 FCPATH\index.php(59): CodeIgniter\Boot::bootWeb()
